
######################################################################
# AREA: Dubai, UAE  (need 40 more no-website leads to hit target)
######################################################################

############################################################
#  GOOGLE MAPS LEAD SCRAPER v3 (BROWSER)
#  Niche: Travel Agency  |  Location: Dubai, UAE  |  Region hint: AE
#  Target: 40 leads (no website, active)
############################################################

============================================================
STEP 1: DISCOVERY — Browser-based Google Maps search
Search: Travel Agency Dubai, UAE
Cap: 100 listings
============================================================

  [1] 7/100 listings
  [2] 15/100 listings
  [3] 20/100 listings
  [4] 26/100 listings
  [5] 33/100 listings
  [6] 37/100 listings
  [7] 45/100 listings
  [8] 53/100 listings
  [9] 57/100 listings
  [10] 65/100 listings
  [11] 73/100 listings
  [12] 77/100 listings
  [13] 85/100 listings
  [14] 92/100 listings
  [15] 96/100 listings
  [16] 104/100 listings

  ✓ Discovery: 104 raw listings

============================================================
STEP 1B: OSM AUGMENT — cross-checking OpenStreetMap
============================================================

/100 listings
  [26] 0/100 listings
  [27] 0/100 listings
  [28] 0/100 listings
  [29] 0/100 listings
  [30] 0/100 listings

  ✓ Discovery: 0 raw listings

============================================================
STEP 1B: OSM AUGMENT — cross-checking OpenStreetMap
============================================================

  ── OSM: 0 found, 0 new (not already in Maps results)

============================================================
STEP 2: WEBSITE FILTER — Input: 0
============================================================

  ── 0 pass (no website) | 0 disqualified

============================================================
STEP 3: ACTIVITY VERIFICATION
Requirements: Phone icon/num ✓ | Rating ≥ 3.0 | Reviews ≥ 0
============================================================


  ── 0 qualified + 0 phone-icon-needs-enrich | 0 dumped

============================================================
STEP 4: ENRICHMENT — verifying candidates, need 40 confirmed no-website
Pool: 0 candidates
============================================================


  ── Final: 0/40 confirmed no-website leads, 0 has-website leads (checked 0/0 candidates)


================================================================================
NO-WEBSITE LEAD TABLE — Tours and Travels in Dubai, UAE
================================================================================
#   Business Name                          Phone              ★     Rev  
--- -------------------------------------- ------------------ ----- -----
================================================================================


================================================================================
HAS-WEBSITE LEAD TABLE — Tours and Travels in Dubai, UAE
================================================================================
#   Business Name                          Phone              ★     Rev  
--- -------------------------------------- ------------------ ----- -----
================================================================================


  ── Area 'Dubai, UAE' contributed 0 new no-website leads, 0 new has-website leads (running total: 0/40 no-website, 0 has-website)

  💾 Saved progress: /workspaces/Hermes-leads/stress_run/dubai_tours.csv (0 rows), /workspaces/Hermes-leads/stress_run/dubai_tours_has_website.csv (0 rows)


================================================================================
MULTI-AREA SUMMARY — Tours and Travels
================================================================================
  Dubai, UAE                               0 no-website | 0 has-website
--------------------------------------------------------------------------------
  TOTAL: 0/40 confirmed unique no-website leads
  TOTAL: 0 confirmed unique has-website leads (bonus list)

  ⚠ No-website target not reached after checking ALL 1 configured area(s).
  0 is the honest ceiling for this area list. To get more,
  re-run with --resume and MORE areas added to --areas — already-found leads
  are kept, only new areas get searched.
================================================================================

✓ No-website CSV: /workspaces/Hermes-leads/stress_run/dubai_tours.csv
✓ Has-website CSV: /workspaces/Hermes-leads/stress_run/dubai_tours_has_website.csv
✓ Status: /workspaces/Hermes-leads/stress_run/dubai_tours.status.json

